###############################################################################
#
# IAR ELF Linker V2.20.1.176 for STM8                     08/Mar/2021  22:32:52
# Copyright 2010-2015 IAR Systems AB.
#
#    Output file  =  
#        E:\nghiencuu\STM\chuongtrinh\bai04_demled\Debug\Exe\bai04_demled.out
#    Map file     =  
#        E:\nghiencuu\STM\chuongtrinh\bai04_demled\Debug\List\bai04_demled.map
#    Command line =  
#        E:\nghiencuu\STM\chuongtrinh\bai04_demled\Debug\Obj\main.o
#        E:\nghiencuu\STM\chuongtrinh\bai04_demled\Debug\Obj\stm8s_exti.o
#        E:\nghiencuu\STM\chuongtrinh\bai04_demled\Debug\Obj\stm8s_gpio.o
#        E:\nghiencuu\STM\chuongtrinh\bai04_demled\Debug\Obj\stm8s_it.o
#        E:\nghiencuu\STM\chuongtrinh\bai04_demled\Debug\Obj\stm8s_tim2.o
#        --redirect _Printf=_PrintfSmall --redirect _Scanf=_ScanfSmall -o
#        E:\nghiencuu\STM\chuongtrinh\bai04_demled\Debug\Exe\bai04_demled.out
#        --map
#        E:\nghiencuu\STM\chuongtrinh\bai04_demled\Debug\List\bai04_demled.map
#        --config "C:\Program Files (x86)\IAR Systems\Embedded Workbench
#        7.3\stm8\config\lnkstm8s003f3.icf" --config_def _CSTACK_SIZE=0x100
#        --config_def _HEAP_SIZE=0x100 --entry __iar_program_start --debug_lib
#
###############################################################################

*******************************************************************************
*** RUNTIME MODEL ATTRIBUTES
***

__SystemLibrary            = DLib
__code_model               = small
__core                     = stm8
__data_model               = medium
__dlib_file_descriptor     = 0
__dlib_full_locale_support = 0
__rt_version               = 4


*******************************************************************************
*** PLACEMENT SUMMARY
***

"A1":  place at start of [0x000000-0x0000ff] { rw section .vregs };
"A2":  place at end of [0x000000-0x0003ff] { block CSTACK };
"P2":  place in [from 0x000000 to 0x0003ff] {
          block HEAP, rw section __DLIB_PERTHREAD, rw section .far.bss,
          rw section .far.data, rw section .far.noinit,
          rw section .far_func.textrw, rw section .huge.bss,
          rw section .huge.data, rw section .huge.noinit,
          rw section .huge_func.textrw, rw section .iar.dynexit,
          rw section .near.bss, rw section .near.data, rw section .near.noinit,
          rw section .near_func.textrw };
"A3":  place at start of [0x008000-0x009fff] { block INTVEC };
"P3":  place in [from 0x008000 to 0x009fff] {
          ro section __DLIB_PERTHREAD_init, ro section .far.data_init,
          ro section .far_func.textrw_init, ro section .huge.data_init,
          ro section .huge_func.textrw_init, ro section .iar.init_table,
          ro section .init_array, ro section .near.data_init,
          ro section .near.rodata, ro section .near_func.text,
          ro section .near_func.textrw_init, ro section .tiny.data_init,
          ro section .tiny.rodata_init };

  Section          Kind      Address   Size  Object
  -------          ----      -------   ----  ------
"A1":                                  0x10
  .vregs           uninit   0x000000   0x10  vregs.o [4]
                          - 0x000010   0x10

"P2":                                   0x1
  .near.bss        zero     0x000010    0x1  main.o [1]
                          - 0x000011    0x1

"A2":                                 0x100
  CSTACK                    0x000300  0x100  <Block>
    CSTACK         uninit   0x000300  0x100  <Block tail>
                          - 0x000400  0x100

"A3":                                  0x80
  INTVEC                    0x008000   0x80  <Block>
    .intvec        const    0x008000   0x80  interrupt.o [4]
                          - 0x008080   0x80

"P3":                                 0x6ae
  .near_func.text  ro code  0x008080  0x114  stm8s_gpio.o [1]
  .near_func.text  ro code  0x008194   0xd1  stm8s_exti.o [1]
  .near_func.text  ro code  0x008265   0xac  stm8s_tim2.o [1]
  .near_func.text  ro code  0x008311   0x90  vreg_util.o [4]
  .near_func.text  ro code  0x0083a1   0x79  main.o [1]
  .near_func.text  ro code  0x00841a   0x5e  stm8s_it.o [1]
  .near.rodata     const    0x008478   0x3b  stm8s_exti.o [1]
  .near.rodata     const    0x0084b3   0x3b  stm8s_gpio.o [1]
  .near.rodata     const    0x0084ee   0x3b  stm8s_tim2.o [1]
  .near_func.text  ro code  0x008529   0x38  main.o [1]
  .near_func.text  ro code  0x008561   0x2f  stm8s_tim2.o [1]
  .near_func.text  ro code  0x008590   0x2f  stm8s_tim2.o [1]
  .near_func.text  ro code  0x0085bf   0x2f  stm8s_tim2.o [1]
  .near_func.text  ro code  0x0085ee   0x26  short.o [4]
  .near_func.text  ro code  0x008614   0x22  main.o [1]
  .iar.init_table  const    0x008636    0x8  - Linker created -
  .near_func.text  ro code  0x00863e   0x1e  init_small.o [4]
  .near_func.text  ro code  0x00865c   0x1b  stm8s_gpio.o [1]
  .near_func.text  ro code  0x008677   0x17  init.o [4]
  .near_func.text  ro code  0x00868e   0x14  __dbg_xxexit.o [3]
  .near_func.text  ro code  0x0086a2   0x13  cstartup.o [4]
  .near_func.text  ro code  0x0086b5   0x10  main.o [1]
  .near_func.text  ro code  0x0086c5    0xc  stm8s_tim2.o [1]
  .near.rodata     const    0x0086d1    0xb  main.o [1]
  .near_func.text  ro code  0x0086dc    0x9  main.o [1]
  .near_func.text  ro code  0x0086e5    0x9  stm8s_gpio.o [1]
  .near.rodata     const    0x0086ee    0x8  main.o [1]
  .near_func.text  ro code  0x0086f6    0x7  stm8s_gpio.o [1]
  .near_func.text  ro code  0x0086fd    0x6  char.o [4]
  .near_func.text  ro code  0x008703    0x5  cexit.o [4]
  .near_func.text  ro code  0x008708    0x4  stm8s_gpio.o [1]
  .near_func.text  ro code  0x00870c    0x3  interrupt.o [4]
  .near_func.text  ro code  0x00870f    0x3  low_level_init.o [4]
  .near_func.text  ro code  0x008712    0x3  exit.o [4]
  .near_func.text  ro code  0x008715    0x3  unhandled_exception.o [4]
  .near_func.text  ro code  0x008718    0x2  main.o [1]
  .near_func.text  ro code  0x00871a    0x1  stm8s_it.o [1]
  .near_func.text  ro code  0x00871b    0x1  stm8s_it.o [1]
  .near_func.text  ro code  0x00871c    0x1  stm8s_it.o [1]
  .near_func.text  ro code  0x00871d    0x1  stm8s_it.o [1]
  .near_func.text  ro code  0x00871e    0x1  stm8s_it.o [1]
  .near_func.text  ro code  0x00871f    0x1  stm8s_it.o [1]
  .near_func.text  ro code  0x008720    0x1  stm8s_it.o [1]
  .near_func.text  ro code  0x008721    0x1  stm8s_it.o [1]
  .near_func.text  ro code  0x008722    0x1  stm8s_it.o [1]
  .near_func.text  ro code  0x008723    0x1  stm8s_it.o [1]
  .near_func.text  ro code  0x008724    0x1  stm8s_it.o [1]
  .near_func.text  ro code  0x008725    0x1  stm8s_it.o [1]
  .near_func.text  ro code  0x008726    0x1  stm8s_it.o [1]
  .near_func.text  ro code  0x008727    0x1  stm8s_it.o [1]
  .near_func.text  ro code  0x008728    0x1  stm8s_it.o [1]
  .near_func.text  ro code  0x008729    0x1  stm8s_it.o [1]
  .near_func.text  ro code  0x00872a    0x1  stm8s_it.o [1]
  .near_func.text  ro code  0x00872b    0x1  stm8s_it.o [1]
  .near_func.text  ro code  0x00872c    0x1  stm8s_it.o [1]
  .near_func.text  ro code  0x00872d    0x1  __dbg_break.o [3]
                          - 0x00872e  0x6ae


*******************************************************************************
*** INIT TABLE
***

          Address   Size
          -------   ----
Zero (__iar_zero_init2)
    1 destination range, total size 0x1:
          0x000010   0x1



*******************************************************************************
*** MODULE SUMMARY
***

    Module                 ro code  ro data  rw data
    ------                 -------  -------  -------
E:\nghiencuu\STM\chuongtrinh\bai04_demled\Debug\Obj: [1]
    main.o                     238       19        1
    stm8s_exti.o               209       59
    stm8s_gpio.o               323       59
    stm8s_it.o                 113
    stm8s_tim2.o               325       59
    ------------------------------------------------
    Total:                   1 208      196        1

command line: [2]
    ------------------------------------------------
    Total:

dbgstm8smd.a: [3]
    __dbg_break.o                1
    __dbg_xxexit.o              20
    ------------------------------------------------
    Total:                      21

dlstm8smn.a: [4]
    cexit.o                      5
    char.o                       6
    cstartup.o                  19
    exit.o                       3
    init.o                      23
    init_small.o                30
    interrupt.o                  3      128
    low_level_init.o             3
    short.o                     38
    unhandled_exception.o        3
    vreg_util.o                144
    vregs.o                                       16
    ------------------------------------------------
    Total:                     277      128       16

    Linker created                        8      256
----------------------------------------------------
    Grand Total:             1 506      332      273


*******************************************************************************
*** ENTRY LIST
***

Entry                    Address   Size  Type      Object
-----                    -------   ----  ----      ------
.iar.init_table$$Base   0x008636          --   Gb  - Linker created -
.iar.init_table$$Limit  0x00863e          --   Gb  - Linker created -
?b0                     0x000000         Data  Gb  vregs.o [4]
?b1                     0x000001         Data  Gb  vregs.o [4]
?b10                    0x00000a         Data  Gb  vregs.o [4]
?b11                    0x00000b         Data  Gb  vregs.o [4]
?b12                    0x00000c         Data  Gb  vregs.o [4]
?b13                    0x00000d         Data  Gb  vregs.o [4]
?b14                    0x00000e         Data  Gb  vregs.o [4]
?b15                    0x00000f         Data  Gb  vregs.o [4]
?b2                     0x000002         Data  Gb  vregs.o [4]
?b3                     0x000003         Data  Gb  vregs.o [4]
?b4                     0x000004         Data  Gb  vregs.o [4]
?b5                     0x000005         Data  Gb  vregs.o [4]
?b6                     0x000006         Data  Gb  vregs.o [4]
?b7                     0x000007         Data  Gb  vregs.o [4]
?b8                     0x000008         Data  Gb  vregs.o [4]
?b9                     0x000009         Data  Gb  vregs.o [4]
?e0                     0x000001         Data  Gb  vregs.o [4]
?e1                     0x000005         Data  Gb  vregs.o [4]
?e2                     0x000009         Data  Gb  vregs.o [4]
?e3                     0x00000d         Data  Gb  vregs.o [4]
?epilogue_l2            0x008399         Code  Gb  vreg_util.o [4]
?epilogue_w4            0x00839d         Code  Gb  vreg_util.o [4]
?l0                     0x000000         Data  Gb  vregs.o [4]
?l1                     0x000004         Data  Gb  vregs.o [4]
?l2                     0x000008         Data  Gb  vregs.o [4]
?l3                     0x00000c         Data  Gb  vregs.o [4]
?mul16_x_x_w0           0x0085ee         Code  Gb  short.o [4]
?pop_l0                 0x008370         Code  Gb  vreg_util.o [4]
?pop_l1                 0x00837b         Code  Gb  vreg_util.o [4]
?pop_l2                 0x008386         Code  Gb  vreg_util.o [4]
?pop_w4                 0x00832e         Code  Gb  vreg_util.o [4]
?pop_w6                 0x008335         Code  Gb  vreg_util.o [4]
?push_l0                0x008344         Code  Gb  vreg_util.o [4]
?push_l1                0x008349         Code  Gb  vreg_util.o [4]
?push_l2                0x00834e         Code  Gb  vreg_util.o [4]
?push_w4                0x008311         Code  Gb  vreg_util.o [4]
?push_w6                0x008316         Code  Gb  vreg_util.o [4]
?sll8_a_a_5             0x0086fe         Code  Gb  char.o [4]
?sll8_a_a_6             0x0086fd         Code  Gb  char.o [4]
?sra16_x_x_a            0x00860c         Code  Gb  short.o [4]
?w0                     0x000000         Data  Gb  vregs.o [4]
?w1                     0x000002         Data  Gb  vregs.o [4]
?w2                     0x000004         Data  Gb  vregs.o [4]
?w3                     0x000006         Data  Gb  vregs.o [4]
?w4                     0x000008         Data  Gb  vregs.o [4]
?w5                     0x00000a         Data  Gb  vregs.o [4]
?w6                     0x00000c         Data  Gb  vregs.o [4]
?w7                     0x00000e         Data  Gb  vregs.o [4]
ADC1_IRQHandler         0x00872a    0x1  Code  Gb  stm8s_it.o [1]
AWU_IRQHandler          0x00871c    0x1  Code  Gb  stm8s_it.o [1]
CLK_IRQHandler          0x00871d    0x1  Code  Gb  stm8s_it.o [1]
CSTACK$$Base            0x000300          --   Gb  - Linker created -
CSTACK$$Limit           0x000400          --   Gb  - Linker created -
Delay                   0x0086dc    0x9  Code  Gb  main.o [1]
EEPROM_EEC_IRQHandler   0x00872c    0x1  Code  Gb  stm8s_it.o [1]
EXTI_PORTA_IRQHandler   0x00841a   0x5e  Code  Gb  stm8s_it.o [1]
EXTI_PORTB_IRQHandler   0x00871e    0x1  Code  Gb  stm8s_it.o [1]
EXTI_PORTC_IRQHandler   0x00871f    0x1  Code  Gb  stm8s_it.o [1]
EXTI_PORTD_IRQHandler   0x008720    0x1  Code  Gb  stm8s_it.o [1]
EXTI_PORTE_IRQHandler   0x008721    0x1  Code  Gb  stm8s_it.o [1]
EXTI_SetExtIntSensitivity
                        0x008194   0xd1  Code  Gb  stm8s_exti.o [1]
GPIO_DeInit             0x00865c   0x1b  Code  Gb  stm8s_gpio.o [1]
GPIO_Init               0x008080  0x114  Code  Gb  stm8s_gpio.o [1]
GPIO_ReadInputPin       0x0086e5    0x9  Code  Gb  stm8s_gpio.o [1]
GPIO_WriteHigh          0x0086f6    0x7  Code  Gb  stm8s_gpio.o [1]
GPIO_WriteLow           0x008708    0x4  Code  Gb  stm8s_gpio.o [1]
I2C_IRQHandler          0x008729    0x1  Code  Gb  stm8s_it.o [1]
INTVEC$$Base            0x008000          --   Gb  - Linker created -
INTVEC$$Limit           0x008080          --   Gb  - Linker created -
Region$$Table$$Base     0x008636          --   Gb  - Linker created -
Region$$Table$$Limit    0x00863e          --   Gb  - Linker created -
SPI_IRQHandler          0x008722    0x1  Code  Gb  stm8s_it.o [1]
Sang_led                0x0083a1   0x79  Code  Gb  main.o [1]
TIM1_CAP_COM_IRQHandler
                        0x008724    0x1  Code  Gb  stm8s_it.o [1]
TIM1_UPD_OVF_TRG_BRK_IRQHandler
                        0x008723    0x1  Code  Gb  stm8s_it.o [1]
TIM2_ARRPreloadConfig   0x008590   0x2f  Code  Gb  stm8s_tim2.o [1]
TIM2_CAP_COM_IRQHandler
                        0x008726    0x1  Code  Gb  stm8s_it.o [1]
TIM2_Cmd                0x008561   0x2f  Code  Gb  stm8s_tim2.o [1]
TIM2_Config             0x008614   0x22  Code  Lc  main.o [1]
TIM2_OC1Init            0x008265   0xac  Code  Gb  stm8s_tim2.o [1]
TIM2_OC1PreloadConfig   0x0085bf   0x2f  Code  Gb  stm8s_tim2.o [1]
TIM2_TimeBaseInit       0x0086c5    0xc  Code  Gb  stm8s_tim2.o [1]
TIM2_UPD_OVF_BRK_IRQHandler
                        0x008725    0x1  Code  Gb  stm8s_it.o [1]
TIM4_UPD_OVF_IRQHandler
                        0x00872b    0x1  Code  Gb  stm8s_it.o [1]
TLI_IRQHandler          0x00871b    0x1  Code  Gb  stm8s_it.o [1]
TRAP_IRQHandler         0x00871a    0x1  Code  Gb  stm8s_it.o [1]
UART1_RX_IRQHandler     0x008728    0x1  Code  Gb  stm8s_it.o [1]
UART1_TX_IRQHandler     0x008727    0x1  Code  Gb  stm8s_it.o [1]
__DebugBreak            0x00872d    0x1  Code  Gb  __dbg_break.o [3]
__exit                  0x00868e   0x14  Code  Gb  __dbg_xxexit.o [3]
__iar_data_init2        0x008677   0x17  Code  Gb  init.o [4]
__iar_program_start     0x0086a2         Code  Gb  cstartup.o [4]
__iar_unhandled_exception
                        0x008715         Code  Gb  unhandled_exception.o [4]
__iar_zero_init2        0x00863e         Code  Gb  init_small.o [4]
__intvec                0x008000         Data  Gb  interrupt.o [4]
__low_level_init        0x00870f    0x3  Code  Gb  low_level_init.o [4]
_exit                   0x008703         Code  Gb  cexit.o [4]
_interrupt_1            0x00871a         Code  Gb  stm8s_it.o [1]
_interrupt_12           0x008722         Code  Gb  stm8s_it.o [1]
_interrupt_13           0x008723         Code  Gb  stm8s_it.o [1]
_interrupt_14           0x008724         Code  Gb  stm8s_it.o [1]
_interrupt_15           0x008725         Code  Gb  stm8s_it.o [1]
_interrupt_16           0x008726         Code  Gb  stm8s_it.o [1]
_interrupt_19           0x008727         Code  Gb  stm8s_it.o [1]
_interrupt_2            0x00871b         Code  Gb  stm8s_it.o [1]
_interrupt_20           0x008728         Code  Gb  stm8s_it.o [1]
_interrupt_21           0x008729         Code  Gb  stm8s_it.o [1]
_interrupt_24           0x00872a         Code  Gb  stm8s_it.o [1]
_interrupt_25           0x00872b         Code  Gb  stm8s_it.o [1]
_interrupt_26           0x00872c         Code  Gb  stm8s_it.o [1]
_interrupt_3            0x00871c         Code  Gb  stm8s_it.o [1]
_interrupt_4            0x00871d         Code  Gb  stm8s_it.o [1]
_interrupt_5            0x00841a         Code  Gb  stm8s_it.o [1]
_interrupt_6            0x00871e         Code  Gb  stm8s_it.o [1]
_interrupt_7            0x00871f         Code  Gb  stm8s_it.o [1]
_interrupt_8            0x008720         Code  Gb  stm8s_it.o [1]
_interrupt_9            0x008721         Code  Gb  stm8s_it.o [1]
assert_failed           0x008718    0x2  Code  Gb  main.o [1]
dem                     0x000010    0x1  Data  Gb  main.o [1]
dorongxung_1            0x0086b5   0x10  Code  Gb  main.o [1]
exit                    0x008712    0x3  Code  Gb  exit.o [4]
led7_pin                0x0086ee    0x8  Data  Gb  main.o [1]
ma_led7                 0x0086d1    0xb  Data  Gb  main.o [1]
main                    0x008529   0x38  Code  Gb  main.o [1]


[1] = E:\nghiencuu\STM\chuongtrinh\bai04_demled\Debug\Obj
[2] = command line
[3] = dbgstm8smd.a
[4] = dlstm8smn.a

  1 506 bytes of readonly  code memory
    332 bytes of readonly  data memory
    273 bytes of readwrite data memory

Errors: none
Warnings: none
